// Jest Snapshot v1, https://goo.gl/fbAQLP

exports[`src/components/composer/ProductDetailsRoot ProductDetailsRoot component should render 1`] = `
<div>
  <div
    className="product-list-header"
  >
    <div
      className="product-list-header__heading"
    >
      <h2
        className="heading heading--h2"
      >
        Test
      </h2>
    </div>
    <div
      className="product-list-header__filter"
    >
      <div
        className="select-box "
      >
        <label
          className="select-box__label"
          htmlFor="select-box"
        >
          
        </label>
        <select
          className="select-box__select"
          id="select-box"
          onChange={[Function]}
          onSelect={[MockFunction]}
          selected=""
          value=""
        >
          <option
            value="Test"
          >
            Test
          </option>
        </select>
      </div>
    </div>
  </div>
  <ul
    className="product-list"
  >
    <li
      className="card"
    >
      <img
        alt="Striped shirt"
        className="image"
        src="./assets/img/products/product-1.jpg"
      />
      <div
        className="product"
      >
        <div
          className="tag"
        >
          <div
            className="tag--sale"
          >
            Sale
          </div>
        </div>
        <div
          className="description"
        >
          <div
            className="description__name"
          >
            Striped shirt
          </div>
          <div
            className="description__price"
          >
            $18.88
          </div>
        </div>
      </div>
    </li>
  </ul>
</div>
`;
